
╔══════════════════════════════════════════════════════════╗
║   KICK VIEWER BOT v15.0 — Stable                      ║
║   Método: curl_cffi + ViewerWS + PusherWS por viewer   ║
╚══════════════════════════════════════════════════════════╝

  Stream   : chanty
  Viewers  : 2000

  [1/3] Obteniendo info del canal...
  Channel ID  : 3473164
  Chatroom ID : 3464802
  En vivo     : SI 🔴 (3966 viewers) — EL REY DEL IRL EN CDMX 🐎👑 CABALLO DE TROYA

  [2/3] Obteniendo viewer tokens...

  Obteniendo 2000 viewer tokens via curl_cffi...
  >> Progreso: 100/2000 tokens (100 procesados)
  >> Progreso: 200/2000 tokens (200 procesados)
  >> Progreso: 300/2000 tokens (300 procesados)
  >> Progreso: 400/2000 tokens (400 procesados)
  >> Progreso: 500/2000 tokens (500 procesados)
  >> Progreso: 600/2000 tokens (600 procesados)
  >> Progreso: 700/2000 tokens (700 procesados)
  >> Progreso: 800/2000 tokens (800 procesados)
  >> Progreso: 900/2000 tokens (900 procesados)
  >> Progreso: 1000/2000 tokens (1000 procesados)
  >> Progreso: 1100/2000 tokens (1100 procesados)
  >> Progreso: 1200/2000 tokens (1200 procesados)
  >> Progreso: 1300/2000 tokens (1300 procesados)
  >> Progreso: 1400/2000 tokens (1400 procesados)
  >> Progreso: 1500/2000 tokens (1500 procesados)
  >> Progreso: 1600/2000 tokens (1600 procesados)
  >> Progreso: 1700/2000 tokens (1700 procesados)
  >> Progreso: 1800/2000 tokens (1800 procesados)
  >> Progreso: 1900/2000 tokens (1900 procesados)
  >> Progreso: 2000/2000 tokens (2000 procesados)
  ✅ Tokens obtenidos: 2000/2000

  [2.5/3] Pre-cargando token pool...

  Obteniendo 500 viewer tokens via curl_cffi...
  >> Progreso: 50/500 tokens (50 procesados)
  >> Progreso: 100/500 tokens (100 procesados)
  >> Progreso: 150/500 tokens (150 procesados)
  >> Progreso: 200/500 tokens (200 procesados)
  >> Progreso: 250/500 tokens (250 procesados)
  >> Progreso: 300/500 tokens (300 procesados)
  >> Progreso: 350/500 tokens (350 procesados)
  >> Progreso: 400/500 tokens (400 procesados)
  >> Progreso: 450/500 tokens (450 procesados)
  >> Progreso: 500/500 tokens (500 procesados)
  ✅ Tokens obtenidos: 500/500
  ✅ Token pool: 500 tokens de reserva

  [3/3] Conectando 2000 viewers (x2 WS cada uno)...

[✅] Viewer 1: ViewerWS + PusherWS lanzados
[✅] Viewer 2: ViewerWS + PusherWS lanzados
[✅] Viewer 3: ViewerWS + PusherWS lanzados
