
╔══════════════════════════════════════════════════════════╗
║   KICK VIEWER BOT v15.0 — Stable                      ║
║   Método: curl_cffi + ViewerWS + PusherWS por viewer   ║
╚══════════════════════════════════════════════════════════╝

  Stream   : tanizen
  Viewers  : 5000

  [1/3] Obteniendo info del canal...
  Channel ID  : 2462868
  Chatroom ID : 2455345
  En vivo     : SI 🔴 (1624 viewers) — VICECRAFT 2 - DIA 5 El Señor de los Enanillos - FamilyRP +18 - LEROY'S ELETRICALS !resumen !holyhosting

  [2/3] Obteniendo viewer tokens...

  Obteniendo 5000 viewer tokens via curl_cffi...
  >> Progreso: 100/5000 tokens (100 procesados)
  >> Progreso: 200/5000 tokens (200 procesados)
  >> Progreso: 300/5000 tokens (300 procesados)
  >> Progreso: 400/5000 tokens (400 procesados)
  >> Progreso: 500/5000 tokens (500 procesados)
  >> Progreso: 600/5000 tokens (600 procesados)
  >> Progreso: 700/5000 tokens (700 procesados)
  >> Progreso: 800/5000 tokens (800 procesados)
  >> Progreso: 900/5000 tokens (900 procesados)
  >> Progreso: 1000/5000 tokens (1000 procesados)
  >> Progreso: 1100/5000 tokens (1100 procesados)
  >> Progreso: 1200/5000 tokens (1200 procesados)
  >> Progreso: 1300/5000 tokens (1300 procesados)
  >> Progreso: 1400/5000 tokens (1400 procesados)
  >> Progreso: 1500/5000 tokens (1500 procesados)
  >> Progreso: 1600/5000 tokens (1600 procesados)
  >> Progreso: 1700/5000 tokens (1700 procesados)
  >> Progreso: 1800/5000 tokens (1800 procesados)
  >> Progreso: 1900/5000 tokens (1900 procesados)
  >> Progreso: 2000/5000 tokens (2000 procesados)
  >> Progreso: 2100/5000 tokens (2100 procesados)
  >> Progreso: 2200/5000 tokens (2200 procesados)
  >> Progreso: 2300/5000 tokens (2300 procesados)
  >> Progreso: 2400/5000 tokens (2400 procesados)
  >> Progreso: 2500/5000 tokens (2500 procesados)
  >> Progreso: 2600/5000 tokens (2600 procesados)
  >> Progreso: 2700/5000 tokens (2700 procesados)
  >> Progreso: 2800/5000 tokens (2800 procesados)
  >> Progreso: 2900/5000 tokens (2900 procesados)
  >> Progreso: 3000/5000 tokens (3000 procesados)
  >> Progreso: 3100/5000 tokens (3100 procesados)
  >> Progreso: 3200/5000 tokens (3200 procesados)
  >> Progreso: 3300/5000 tokens (3300 procesados)
  >> Progreso: 3400/5000 tokens (3400 procesados)
  >> Progreso: 3500/5000 tokens (3500 procesados)
  >> Progreso: 3600/5000 tokens (3600 procesados)
  >> Progreso: 3700/5000 tokens (3700 procesados)
  >> Progreso: 3800/5000 tokens (3800 procesados)
  >> Progreso: 3900/5000 tokens (3900 procesados)
  >> Progreso: 4000/5000 tokens (4000 procesados)
  >> Progreso: 4100/5000 tokens (4100 procesados)
  >> Progreso: 4200/5000 tokens (4200 procesados)
  >> Progreso: 4300/5000 tokens (4300 procesados)
  >> Progreso: 4400/5000 tokens (4400 procesados)
  >> Progreso: 4500/5000 tokens (4500 procesados)
  >> Progreso: 4600/5000 tokens (4600 procesados)
  >> Progreso: 4700/5000 tokens (4700 procesados)
  >> Progreso: 4800/5000 tokens (4800 procesados)
  >> Progreso: 4900/5000 tokens (4900 procesados)
  >> Progreso: 5000/5000 tokens (5000 procesados)
  ✅ Tokens obtenidos: 5000/5000

  [2.5/3] Pre-cargando token pool...

  Obteniendo 500 viewer tokens via curl_cffi...
  >> Progreso: 50/500 tokens (50 procesados)
  >> Progreso: 100/500 tokens (100 procesados)
  >> Progreso: 150/500 tokens (150 procesados)
  >> Progreso: 200/500 tokens (200 procesados)
  >> Progreso: 250/500 tokens (250 procesados)
  >> Progreso: 300/500 tokens (300 procesados)
  >> Progreso: 350/500 tokens (350 procesados)
  >> Progreso: 400/500 tokens (400 procesados)
  >> Progreso: 450/500 tokens (450 procesados)
  >> Progreso: 500/500 tokens (500 procesados)
  ✅ Tokens obtenidos: 500/500
  ✅ Token pool: 500 tokens de reserva

  [3/3] Conectando 5000 viewers (x2 WS cada uno)...

[✅] Viewer 1: ViewerWS + PusherWS lanzados
[✅] Viewer 2: ViewerWS + PusherWS lanzados
[✅] Viewer 3: ViewerWS + PusherWS lanzados
  ⏸️  Pausa de seguridad (500/5000 connections barrier)...
